(gdb) b main
Breakpoint 1 at 0x64e: file p0original.c, line 5.
(gdb) r
Starting program: /home/runner/pps-test1-harini293-4/a.out 
warning: Error disabling address space randomization: Operation not permitted

Breakpoint 1, main () at p0original.c:5
5     printf("my name is harini");
(gdb) n
6     return 0;
(gdb) n
7   }
(gdb) Quit
(gdb) 
